
[0;36m                                      _..._      [0m
[0;36m                      .-''-.       .-'_..._''.   [0m
[0;36m   __  __   ___     .' .-.  )    .' .'      '.\  [0m
[0;36m  |  |/  `.'   `.  / .'  / /    / .'             [0m
[0;36m  |   .-.  .-.   '(_/   / /    . '               [0m
[0;36m  |  |  |  |  |  |     / /     | |               [0m
[0;36m  |  |  |  |  |  |    / /      | |               [0m
[0;36m  |  |  |  |  |  |   . '       . '               [0m
[0;36m  |  |  |  |  |  |  / /    _.-')\ '.          .  [0m
[0;36m  |__|  |__|  |__|.' '  _.'.-''  '. `._____.-'/  [0m
[0;36m                 /  /.-'_.'        `-.______ /   [0m
[0;36m                /    _.'                    `    [0m
[0;36m               ( _.-'                            [0m

Revision: 2b69b96+ | Branch: main | Tag: 
Computation started at: 2025-07-06.17:33:38 EDT
Using 125 processor cores (including concurrent programs).
Command: /home/kevinw3/tinkercliffs/zoey7/m2c input.st

[0;32m==========================================[0m
[0;32m                 START                    [0m
[0;32m==========================================[0m

 ... Changeset ID  f484d5c512c8     ...
- Activated the Embedded Boundary Method. Detected 1 surface(s) (1 from concurrent program(s)).

 ... AeroElasticity Flag   = 20     ...
 ... Nonlinear Dynamics/Quasistatics... 
,,- Embedded Surface from Aero-S: Number of Nodes/Elements: 800/800, Element Type = 3, Fracture = 0.
- Received nodes and elements of embedded surface from Aero-S.
- Coupled with Aero-S (running on 1 processors) using the C0 algorithm.

- Mesh Statistics:
  X-Direction: [-2.000000e-01, 2.000000e-01], 1 nodes/cells, dx_min = 4.000000e-01, dx_max = 4.000000e-01.
  Y-Direction: [-6.000000e+02, 6.000000e+02], 617 nodes/cells, dy_min = 3.001114e-01, dy_max = 1.964978e+01.
  Z-Direction: [-6.000000e+02, 6.000000e+02], 571 nodes/cells, dz_min = 3.000697e-01, dz_max = 1.963141e+01.
  Total number of nodes/cells: 352307.
  o Number of ghost nodes inside computational domain (overlapping between subdomains): 38322
  o Number of ghost nodes outside computational domain: 788794


- Initializing the state variables (V) and material id. (ID).
  o Found Sphere[0]: Center: (0.000000e+00 -3.000000e+01 0.000000e+00), Radius: 2.500000e+00. Mat. ID: 1
  o Found Point[0]: (0.000000e+00 0.000000e+00 0.000000e+00). Mat. ID: 2

- Initializing Phi[0] for tracking the boundary of material 1.
MatID 2: surf 0, color -1.

- [Probe] Node 0: Coords = (0.000000e+00, -2.333420e+01, 2.333420e+01).

- [Probe] Node 1: Coords = (0.000000e+00, 0.000000e+00, 3.299950e+01).

- [Probe] Node 2: Coords = (0.000000e+00, 3.299980e+01, 0.000000e+00).

----------------------------
--       Main Loop        --
----------------------------
- Wrote solution on a Lagrangian mesh at 0.000000e+00.
- Wrote solution at 0.000000e+00 to solution_0000.vtr.
 ... Exp. Central Difference Method ...
 ... i.e. Î² = 0, Î³ = Â½, Î±f = Î±m = 0 ...
Step 1: t = 0.000000e+00, dt = 6.250000e-09, cfl = 2.9992e-02. Computation time: 1.1083e+00 s.
Step 2: t = 6.250000e-09, dt = 1.250000e-08, cfl = 6.0120e-02. Computation time: 1.3049e+00 s.
Step 3: t = 1.875000e-08, dt = 1.250000e-08, cfl = 6.0368e-02. Computation time: 1.4026e+00 s.
Step 4: t = 3.125000e-08, dt = 1.250000e-08, cfl = 6.0589e-02. Computation time: 1.4997e+00 s.
Step 5: t = 4.375000e-08, dt = 1.250000e-08, cfl = 6.0785e-02. Computation time: 1.5967e+00 s.
Step 6: t = 5.625000e-08, dt = 1.250000e-08, cfl = 6.0961e-02. Computation time: 1.6941e+00 s.
Step 7: t = 6.875000e-08, dt = 1.250000e-08, cfl = 6.1118e-02. Computation time: 1.7915e+00 s.
Step 8: t = 8.125000e-08, dt = 1.250000e-08, cfl = 6.1261e-02. Computation time: 1.8895e+00 s.
Step 9: t = 9.375000e-08, dt = 1.250000e-08, cfl = 6.1389e-02. Computation time: 1.9872e+00 s.
Step 10: t = 1.062500e-07, dt = 1.250000e-08, cfl = 6.1504e-02. Computation time: 2.0907e+00 s.
Step 11: t = 1.187500e-07, dt = 1.250000e-08, cfl = 6.1608e-02. Computation time: 2.1886e+00 s.
Step 12: t = 1.312500e-07, dt = 1.250000e-08, cfl = 6.1701e-02. Computation time: 2.2866e+00 s.
Step 13: t = 1.437500e-07, dt = 1.250000e-08, cfl = 6.1785e-02. Computation time: 2.3848e+00 s.
Step 14: t = 1.562500e-07, dt = 1.250000e-08, cfl = 6.1861e-02. Computation time: 2.4827e+00 s.
Step 15: t = 1.687500e-07, dt = 1.250000e-08, cfl = 6.1931e-02. Computation time: 2.5808e+00 s.
Step 16: t = 1.812500e-07, dt = 1.250000e-08, cfl = 6.1994e-02. Computation time: 2.6788e+00 s.
Step 17: t = 1.937500e-07, dt = 1.250000e-08, cfl = 6.2051e-02. Computation time: 2.7771e+00 s.
Step 18: t = 2.062500e-07, dt = 1.250000e-08, cfl = 6.2098e-02. Computation time: 2.8751e+00 s.
Step 19: t = 2.187500e-07, dt = 1.250000e-08, cfl = 6.2144e-02. Computation time: 2.9732e+00 s.
Step 20: t = 2.312500e-07, dt = 1.250000e-08, cfl = 6.2185e-02. Computation time: 3.0707e+00 s.
Step 21: t = 2.437500e-07, dt = 1.250000e-08, cfl = 6.2222e-02. Computation time: 3.1681e+00 s.
Step 22: t = 2.562500e-07, dt = 1.250000e-08, cfl = 6.2256e-02. Computation time: 3.2657e+00 s.
Step 23: t = 2.687500e-07, dt = 1.250000e-08, cfl = 6.2286e-02. Computation time: 3.3637e+00 s.
Step 24: t = 2.812500e-07, dt = 1.250000e-08, cfl = 6.2314e-02. Computation time: 3.4617e+00 s.
Step 25: t = 2.937500e-07, dt = 1.250000e-08, cfl = 6.2340e-02. Computation time: 3.5604e+00 s.
Step 26: t = 3.062500e-07, dt = 1.250000e-08, cfl = 6.2363e-02. Computation time: 3.6603e+00 s.

...

Step 359978: t = 4.499706e-03, dt = 1.250000e-08, cfl = 6.0213e-02. Computation time: 4.1104e+04 s.
Step 359979: t = 4.499719e-03, dt = 1.250000e-08, cfl = 6.0213e-02. Computation time: 4.1104e+04 s.
Step 359980: t = 4.499731e-03, dt = 1.250000e-08, cfl = 6.0213e-02. Computation time: 4.1104e+04 s.
Step 359981: t = 4.499744e-03, dt = 1.250000e-08, cfl = 6.0213e-02. Computation time: 4.1104e+04 s.
Step 359982: t = 4.499756e-03, dt = 1.250000e-08, cfl = 6.0213e-02. Computation time: 4.1104e+04 s.
Step 359983: t = 4.499769e-03, dt = 1.250000e-08, cfl = 6.0213e-02. Computation time: 4.1105e+04 s.
Step 359984: t = 4.499781e-03, dt = 1.250000e-08, cfl = 6.0213e-02. Computation time: 4.1105e+04 s.
Step 359985: t = 4.499794e-03, dt = 1.250000e-08, cfl = 6.0213e-02. Computation time: 4.1105e+04 s.
Step 359986: t = 4.499806e-03, dt = 1.250000e-08, cfl = 6.0213e-02. Computation time: 4.1105e+04 s.
Step 359987: t = 4.499819e-03, dt = 1.250000e-08, cfl = 6.0213e-02. Computation time: 4.1105e+04 s.
Step 359988: t = 4.499831e-03, dt = 1.250000e-08, cfl = 6.0213e-02. Computation time: 4.1105e+04 s.
Step 359989: t = 4.499844e-03, dt = 1.250000e-08, cfl = 6.0213e-02. Computation time: 4.1105e+04 s.
Step 359990: t = 4.499856e-03, dt = 1.250000e-08, cfl = 6.0213e-02. Computation time: 4.1105e+04 s.
Step 359991: t = 4.499869e-03, dt = 1.250000e-08, cfl = 6.0213e-02. Computation time: 4.1105e+04 s.
Step 359992: t = 4.499881e-03, dt = 1.250000e-08, cfl = 6.0213e-02. Computation time: 4.1106e+04 s.
Step 359993: t = 4.499894e-03, dt = 1.250000e-08, cfl = 6.0213e-02. Computation time: 4.1106e+04 s.
Step 359994: t = 4.499906e-03, dt = 1.250000e-08, cfl = 6.0213e-02. Computation time: 4.1106e+04 s.
Step 359995: t = 4.499919e-03, dt = 1.250000e-08, cfl = 6.0213e-02. Computation time: 4.1106e+04 s.
Step 359996: t = 4.499931e-03, dt = 1.250000e-08, cfl = 6.0213e-02. Computation time: 4.1106e+04 s.
Step 359997: t = 4.499944e-03, dt = 1.250000e-08, cfl = 6.0213e-02. Computation time: 4.1106e+04 s.
Step 359998: t = 4.499956e-03, dt = 1.250000e-08, cfl = 6.0213e-02. Computation time: 4.1106e+04 s.
Step 359999: t = 4.499969e-03, dt = 1.250000e-08, cfl = 6.0213e-02. Computation time: 4.1106e+04 s.
- Wrote solution on a Lagrangian mesh at 4.499981e-03.
- Wrote solution at 4.499981e-03 to solution_0450.vtr.

[0;32m==========================================[0m
[0;32m   NORMAL TERMINATION (t = 4.499981e-03)  [0m
[0;32m==========================================[0m
Total Computation Time: 41106.588491 sec.

