
[0;36m                                      _..._      [0m
[0;36m                      .-''-.       .-'_..._''.   [0m
[0;36m   __  __   ___     .' .-.  )    .' .'      '.\  [0m
[0;36m  |  |/  `.'   `.  / .'  / /    / .'             [0m
[0;36m  |   .-.  .-.   '(_/   / /    . '               [0m
[0;36m  |  |  |  |  |  |     / /     | |               [0m
[0;36m  |  |  |  |  |  |    / /      | |               [0m
[0;36m  |  |  |  |  |  |   . '       . '               [0m
[0;36m  |  |  |  |  |  |  / /    _.-')\ '.          .  [0m
[0;36m  |__|  |__|  |__|.' '  _.'.-''  '. `._____.-'/  [0m
[0;36m                 /  /.-'_.'        `-.______ /   [0m
[0;36m                /    _.'                    `    [0m
[0;36m               ( _.-'                            [0m

Revision: 1515835+ | Branch: main | Tag: 
Computation started at: 2025-07-26.15:12:05 EDT
Using 61 processor cores (including concurrent programs).
Command: /home/kevinw3/tinkercliffs/zoey7/m2c input.st

[0;32m==========================================[0m
[0;32m                 START                    [0m
[0;32m==========================================[0m

 ... Changeset ID  f484d5c512c8     ...
- Activated the Embedded Boundary Method. Detected 1 surface(s) (1 from concurrent program(s)).

 ... AeroElasticity Flag   = 20     ...
 ... Nonlinear Dynamics/Quasistatics... 
 **************************************
 CONDITIONALLY STABLE NEWMARK ALGORITHM
 --------------------------------------
 Specified time step      = 2.0000e-08
 Stability max. time step = 3.1124e-08
 Element with min. time step =      80
 **************************************
 Specified time step is selected
 **************************************
- Embedded Surface from Aero-S: Number of Nodes/Elements: 806/402, Element Type = 4, Fracture = 0.
- Received nodes and elements of embedded surface from Aero-S.
- Coupled with Aero-S (running on 1 processors) using the C0 algorithm.

- Mesh Statistics:
  X-Direction: [-5.000000e+01, 2.500000e+02], 347 nodes/cells, dx_min = 2.504101e-01, dx_max = 1.599836e+00.
  Y-Direction: [0.000000e+00, 6.500000e+01], 260 nodes/cells, dy_min = 2.500000e-01, dy_max = 2.500000e-01.
  Z-Direction: [-8.000000e-01, 8.000000e-01], 1 nodes/cells, dz_min = 1.600000e+00, dz_max = 1.600000e+00.
  Total number of nodes/cells: 90220.
  o Number of ghost nodes inside computational domain (overlapping between subdomains): 14378
  o Number of ghost nodes outside computational domain: 213102


- Initializing the state variables (V) and material id. (ID).
  o Found Plane[0]: (-2.000000e+01 0.000000e+00 0.000000e+00) | normal: (-1.000000e+00 0.000000e+00 0.000000e+00). material id: 0.
  o Found Plane[1]: (-2.000000e+01 0.000000e+00 0.000000e+00) | normal: (1.000000e+00 0.000000e+00 0.000000e+00). material id: 0.

- [Probe] Node 0: Coords = (-1.000000e+01, 6.500000e+01, 0.000000e+00).

----------------------------
--       Main Loop        --
----------------------------
- Wrote solution at 0.000000e+00 to solution_0000.vtr.
 ... Exp. Central Difference Method ...
 ... i.e. Î² = 0, Î³ = Â½, Î±f = Î±m = 0 ...
Step 1: t = 0.000000e+00, dt = 1.000000e-08, cfl = 1.4628e-02. Computation time: 3.3052e-01 s.
Step 2: t = 1.000000e-08, dt = 2.000000e-08, cfl = 2.9255e-02. Computation time: 3.4121e-01 s.
Step 3: t = 3.000000e-08, dt = 2.000000e-08, cfl = 2.9255e-02. Computation time: 3.5408e-01 s.
Step 4: t = 5.000000e-08, dt = 2.000000e-08, cfl = 2.9255e-02. Computation time: 3.6637e-01 s.
Step 5: t = 7.000000e-08, dt = 2.000000e-08, cfl = 2.9255e-02. Computation time: 3.7862e-01 s.
Step 6: t = 9.000000e-08, dt = 2.000000e-08, cfl = 2.9255e-02. Computation time: 3.9084e-01 s.
Step 7: t = 1.100000e-07, dt = 2.000000e-08, cfl = 2.9255e-02. Computation time: 4.0307e-01 s.
Step 8: t = 1.300000e-07, dt = 2.000000e-08, cfl = 2.9255e-02. Computation time: 4.1527e-01 s.
Step 9: t = 1.500000e-07, dt = 2.000000e-08, cfl = 2.9255e-02. Computation time: 4.2750e-01 s.
Step 10: t = 1.700000e-07, dt = 2.000000e-08, cfl = 2.9255e-02. Computation time: 4.3970e-01 s.
Step 11: t = 1.900000e-07, dt = 2.000000e-08, cfl = 2.9255e-02. Computation time: 4.5191e-01 s.
Step 12: t = 2.100000e-07, dt = 2.000000e-08, cfl = 2.9255e-02. Computation time: 4.6409e-01 s.
Step 13: t = 2.300000e-07, dt = 2.000000e-08, cfl = 2.9255e-02. Computation time: 4.7628e-01 s.
Step 14: t = 2.500000e-07, dt = 2.000000e-08, cfl = 2.9255e-02. Computation time: 4.8848e-01 s.
Step 15: t = 2.700000e-07, dt = 2.000000e-08, cfl = 2.9255e-02. Computation time: 5.0070e-01 s.
Step 16: t = 2.900000e-07, dt = 2.000000e-08, cfl = 2.9255e-02. Computation time: 5.1287e-01 s.
Step 17: t = 3.100000e-07, dt = 2.000000e-08, cfl = 2.9255e-02. Computation time: 5.2502e-01 s.
Step 18: t = 3.300000e-07, dt = 2.000000e-08, cfl = 2.9255e-02. Computation time: 5.3717e-01 s.
Step 19: t = 3.500000e-07, dt = 2.000000e-08, cfl = 2.9255e-02. Computation time: 5.4932e-01 s.
Step 20: t = 3.700000e-07, dt = 2.000000e-08, cfl = 2.9255e-02. Computation time: 5.6148e-01 s.
Step 21: t = 3.900000e-07, dt = 2.000000e-08, cfl = 2.9255e-02. Computation time: 5.7364e-01 s.
Step 22: t = 4.100000e-07, dt = 2.000000e-08, cfl = 2.9255e-02. Computation time: 5.8580e-01 s.
Step 23: t = 4.300000e-07, dt = 2.000000e-08, cfl = 2.9255e-02. Computation time: 5.9799e-01 s.
Step 24: t = 4.500000e-07, dt = 2.000000e-08, cfl = 2.9255e-02. Computation time: 6.1019e-01 s.
Step 25: t = 4.700000e-07, dt = 2.000000e-08, cfl = 2.9255e-02. Computation time: 6.2244e-01 s.
Step 26: t = 4.900000e-07, dt = 2.000000e-08, cfl = 2.9255e-02. Computation time: 6.3469e-01 s.
Step 27: t = 5.100000e-07, dt = 2.000000e-08, cfl = 2.9255e-02. Computation time: 6.4691e-01 s.
Step 28: t = 5.300000e-07, dt = 2.000000e-08, cfl = 2.9255e-02. Computation time: 6.6008e-01 s.
Step 29: t = 5.500000e-07, dt = 2.000000e-08, cfl = 2.9255e-02. Computation time: 6.7225e-01 s.
Step 30: t = 5.700000e-07, dt = 2.000000e-08, cfl = 2.9255e-02. Computation time: 6.8443e-01 s.
Step 31: t = 5.900000e-07, dt = 2.000000e-08, cfl = 2.9255e-02. Computation time: 6.9658e-01 s.
Step 32: t = 6.100000e-07, dt = 2.000000e-08, cfl = 2.9255e-02. Computation time: 7.0877e-01 s.
Step 33: t = 6.300000e-07, dt = 2.000000e-08, cfl = 2.9255e-02. Computation time: 7.2093e-01 s.
Step 34: t = 6.500000e-07, dt = 2.000000e-08, cfl = 2.9255e-02. Computation time: 7.3315e-01 s.
Step 35: t = 6.700000e-07, dt = 2.000000e-08, cfl = 2.9255e-02. Computation time: 7.4547e-01 s.
Step 36: t = 6.900000e-07, dt = 2.000000e-08, cfl = 2.9255e-02. Computation time: 7.5765e-01 s.
Step 37: t = 7.100000e-07, dt = 2.000000e-08, cfl = 2.9255e-02. Computation time: 7.6987e-01 s.

...

Step 249983: t = 4.999630e-03, dt = 2.000000e-08, cfl = 4.2530e-02. Computation time: 4.3896e+03 s.
Step 249984: t = 4.999650e-03, dt = 2.000000e-08, cfl = 4.2531e-02. Computation time: 4.3896e+03 s.
Step 249985: t = 4.999670e-03, dt = 2.000000e-08, cfl = 4.2531e-02. Computation time: 4.3896e+03 s.
Step 249986: t = 4.999690e-03, dt = 2.000000e-08, cfl = 4.2531e-02. Computation time: 4.3896e+03 s.
Step 249987: t = 4.999710e-03, dt = 2.000000e-08, cfl = 4.2531e-02. Computation time: 4.3897e+03 s.
Step 249988: t = 4.999730e-03, dt = 2.000000e-08, cfl = 4.2532e-02. Computation time: 4.3897e+03 s.
Step 249989: t = 4.999750e-03, dt = 2.000000e-08, cfl = 4.2532e-02. Computation time: 4.3897e+03 s.
Step 249990: t = 4.999770e-03, dt = 2.000000e-08, cfl = 4.2532e-02. Computation time: 4.3897e+03 s.
Step 249991: t = 4.999790e-03, dt = 2.000000e-08, cfl = 4.2532e-02. Computation time: 4.3898e+03 s.
Step 249992: t = 4.999810e-03, dt = 2.000000e-08, cfl = 4.2533e-02. Computation time: 4.3898e+03 s.
Step 249993: t = 4.999830e-03, dt = 2.000000e-08, cfl = 4.2533e-02. Computation time: 4.3898e+03 s.
Step 249994: t = 4.999850e-03, dt = 2.000000e-08, cfl = 4.2533e-02. Computation time: 4.3898e+03 s.
Step 249995: t = 4.999870e-03, dt = 2.000000e-08, cfl = 4.2533e-02. Computation time: 4.3899e+03 s.
Step 249996: t = 4.999890e-03, dt = 2.000000e-08, cfl = 4.2534e-02. Computation time: 4.3899e+03 s.
Step 249997: t = 4.999910e-03, dt = 2.000000e-08, cfl = 4.2534e-02. Computation time: 4.3899e+03 s.
Step 249998: t = 4.999930e-03, dt = 2.000000e-08, cfl = 4.2534e-02. Computation time: 4.3899e+03 s.
Step 249999: t = 4.999950e-03, dt = 2.000000e-08, cfl = 4.2534e-02. Computation time: 4.3899e+03 s.

 --------- PROBLEM PARAMETERS ---------
 ... # Nodes              =    1206 ...
 ... # Elements           =     400 ...
 ... # Unconstrained dofs =    2400 ...
 ... # Constrained dofs   =    1224 ...
 ... Total # dofs         =    3624 ...
 ... # Output Files       =       3 ...
 --------------------------------------
 --------------------------------------
 ... Total Time           = 4.39e+03 s
 ... Total Memory Used    = 2.69e+04 Mb
 --------------------------------------
- Wrote solution at 4.999970e-03 to solution_0500.vtr.

[0;32m==========================================[0m
[0;32m   NORMAL TERMINATION (t = 4.999970e-03)  [0m
[0;32m==========================================[0m
Total Computation Time: 4390.034435 sec.

