
[0;36m                                      _..._      [0m
[0;36m                      .-''-.       .-'_..._''.   [0m
[0;36m   __  __   ___     .' .-.  )    .' .'      '.\  [0m
[0;36m  |  |/  `.'   `.  / .'  / /    / .'             [0m
[0;36m  |   .-.  .-.   '(_/   / /    . '               [0m
[0;36m  |  |  |  |  |  |     / /     | |               [0m
[0;36m  |  |  |  |  |  |    / /      | |               [0m
[0;36m  |  |  |  |  |  |   . '       . '               [0m
[0;36m  |  |  |  |  |  |  / /    _.-')\ '.          .  [0m
[0;36m  |__|  |__|  |__|.' '  _.'.-''  '. `._____.-'/  [0m
[0;36m                 /  /.-'_.'        `-.______ /   [0m
[0;36m                /    _.'                    `    [0m
[0;36m               ( _.-'                            [0m

Revision: 1515835+ | Branch: main | Tag: 
Computation started at: 2025-07-30.18:51:56 EDT
Using 80 processor cores (including concurrent programs).
Command: /home/kevinw3/tinkercliffs/zoey7/m2c input.st

[0;32m==========================================[0m
[0;32m                 START                    [0m
[0;32m==========================================[0m

 ... Changeset ID                   ...
- Reading user-specified initial condition file: SphericalShock.txt.
 ... AeroElasticity Flag   = 20     ...
 ... Nonlinear Dynamics/Quasistatics... 
 ... Parallel processing: Launching 16 MPI processes ...
- Activated the Embedded Boundary Method. Detected 1 surface(s) (1 from concurrent program(s)).

,, ... Diagonal Solver is Selected    ... 
 **************************************
 CONDITIONALLY STABLE NEWMARK ALGORITHM 
 --------------------------------------
 Specified time step      = 2.0000e-08
 Stability max. time step = 5.4447e-07
 Element with min. time step =     546
 **************************************
 Specified time step is selected
 **************************************
- Embedded Surface from Aero-S: Number of Nodes/Elements: 405/741, Element Type = 3, Fracture = 0.
- Received nodes and elements of embedded surface from Aero-S.
- Coupled with Aero-S (running on 16 processors) using the C0 algorithm.
 ... Exp. Central Difference Method ...
 ... i.e. Î² = 0, Î³ = Â½, Î±f = Î±m = 0 ...

- Mesh Statistics:
  X-Direction: [0.000000e+00, 1.200000e+03], 784 nodes/cells, dx_min = 5.001319e-01, dx_max = 4.818325e+01.
  Y-Direction: [0.000000e+00, 1.200000e+03], 784 nodes/cells, dy_min = 5.001319e-01, dy_max = 4.818325e+01.
  Z-Direction: [-3.000000e+00, 3.000000e+00], 1 nodes/cells, dz_min = 6.000000e+00, dz_max = 6.000000e+00.
  Total number of nodes/cells: 614656.
  Imposing cylindrical symmetry: x ~ axial coordinate, y ~ radial coordinate.
  o Number of ghost nodes inside computational domain (overlapping between subdomains): 50300
  o Number of ghost nodes outside computational domain: 1339716

- Detected embedded surface(s) in 3D, while M2C domain is in 2D.
  o Activated 2D->3D mapping in load calculation.

- Initializing the state variables (V) and material id. (ID).
[0;35mWarning: Material ID of the default initial state is 1. In most cases, it should be 0.
[0m  o Found Point[0]: (0.000000e+00 1.000000e+01 0.000000e+00). Mat. ID: 0
  o Applying the initial condition specified in SphericalShock.txt (with spherical symmetry).

- Warning (Outputing wetted surface): Out-of-domain elements may not have the correct status.

- [Probe] Node 0: Coords = (1.790000e+02, 1.000000e+00, 0.000000e+00).

- [Probe] Node 1: Coords = (1.000000e+00, 1.590000e+02, 0.000000e+00).

----------------------------
--       Main Loop        --
----------------------------
- Wrote solution on a Lagrangian mesh at 0.000000e+00.
- Wrote solution at 0.000000e+00 to solution_0000.vtr.
Step 1: t = 0.000000e+00, dt = 1.000000e-08, cfl = 1.2172e-01. Computation time: 5.6282e-01 s.
Step 2: t = 1.000000e-08, dt = 2.000000e-08, cfl = 2.3180e-01. Computation time: 7.5338e-01 s.
Step 3: t = 3.000000e-08, dt = 2.000000e-08, cfl = 2.2551e-01. Computation time: 9.5350e-01 s.
Step 4: t = 5.000000e-08, dt = 2.000000e-08, cfl = 2.2282e-01. Computation time: 1.1784e+00 s.
Step 5: t = 7.000000e-08, dt = 2.000000e-08, cfl = 2.2125e-01. Computation time: 1.4120e+00 s.
Step 6: t = 9.000000e-08, dt = 2.000000e-08, cfl = 2.1951e-01. Computation time: 1.6449e+00 s.
Step 7: t = 1.100000e-07, dt = 2.000000e-08, cfl = 2.1809e-01. Computation time: 1.8779e+00 s.
Step 8: t = 1.300000e-07, dt = 2.000000e-08, cfl = 2.1736e-01. Computation time: 2.1117e+00 s.
Step 9: t = 1.500000e-07, dt = 2.000000e-08, cfl = 2.1656e-01. Computation time: 2.3452e+00 s.
Step 10: t = 1.700000e-07, dt = 2.000000e-08, cfl = 2.1563e-01. Computation time: 2.5784e+00 s.
Step 11: t = 1.900000e-07, dt = 2.000000e-08, cfl = 2.1462e-01. Computation time: 2.8124e+00 s.
Step 12: t = 2.100000e-07, dt = 2.000000e-08, cfl = 2.1419e-01. Computation time: 3.0462e+00 s.
Step 13: t = 2.300000e-07, dt = 2.000000e-08, cfl = 2.1375e-01. Computation time: 3.2808e+00 s.
Step 14: t = 2.500000e-07, dt = 2.000000e-08, cfl = 2.1321e-01. Computation time: 3.5153e+00 s.
Step 15: t = 2.700000e-07, dt = 2.000000e-08, cfl = 2.1255e-01. Computation time: 3.7541e+00 s.
Step 16: t = 2.900000e-07, dt = 2.000000e-08, cfl = 2.1193e-01. Computation time: 3.9886e+00 s.
Step 17: t = 3.100000e-07, dt = 2.000000e-08, cfl = 2.1172e-01. Computation time: 4.2220e+00 s.
Step 18: t = 3.300000e-07, dt = 2.000000e-08, cfl = 2.1139e-01. Computation time: 4.4563e+00 s.
Step 19: t = 3.500000e-07, dt = 2.000000e-08, cfl = 2.1100e-01. Computation time: 4.6910e+00 s.
Step 20: t = 3.700000e-07, dt = 2.000000e-08, cfl = 2.1053e-01. Computation time: 4.9240e+00 s.
Step 21: t = 3.900000e-07, dt = 2.000000e-08, cfl = 2.1006e-01. Computation time: 5.1597e+00 s.
Step 22: t = 4.100000e-07, dt = 2.000000e-08, cfl = 2.0991e-01. Computation time: 5.3940e+00 s.
Step 23: t = 4.300000e-07, dt = 2.000000e-08, cfl = 2.0968e-01. Computation time: 5.6294e+00 s.
Step 24: t = 4.500000e-07, dt = 2.000000e-08, cfl = 2.0939e-01. Computation time: 5.8633e+00 s.
Step 25: t = 4.700000e-07, dt = 2.000000e-08, cfl = 2.0905e-01. Computation time: 6.0966e+00 s.

...

Step 6745: t = 1.348700e-04, dt = 2.000000e-08, cfl = 2.1418e-01. Computation time: 1.2103e+03 s.
Step 6746: t = 1.348900e-04, dt = 2.000000e-08, cfl = 2.1402e-01. Computation time: 1.2105e+03 s.
Step 6747: t = 1.349100e-04, dt = 2.000000e-08, cfl = 2.1387e-01. Computation time: 1.2107e+03 s.
Step 6748: t = 1.349300e-04, dt = 2.000000e-08, cfl = 2.1372e-01. Computation time: 1.2108e+03 s.
Step 6749: t = 1.349500e-04, dt = 2.000000e-08, cfl = 2.1356e-01. Computation time: 1.2110e+03 s.
Step 6750: t = 1.349700e-04, dt = 2.000000e-08, cfl = 2.1341e-01. Computation time: 1.2111e+03 s.
Step 6751: t = 1.349900e-04, dt = 2.000000e-08, cfl = 2.1325e-01. Computation time: 1.2113e+03 s.
Step 6752: t = 1.350100e-04, dt = 2.000000e-08, cfl = 2.1310e-01. Computation time: 1.2115e+03 s.
Step 6753: t = 1.350300e-04, dt = 2.000000e-08, cfl = 2.1295e-01. Computation time: 1.2116e+03 s.
Step 6754: t = 1.350500e-04, dt = 2.000000e-08, cfl = 2.1280e-01. Computation time: 1.2118e+03 s.
Step 6755: t = 1.350700e-04, dt = 2.000000e-08, cfl = 2.1265e-01. Computation time: 1.2119e+03 s.
Step 6756: t = 1.350900e-04, dt = 2.000000e-08, cfl = 2.1250e-01. Computation time: 1.2121e+03 s.
Step 6757: t = 1.351100e-04, dt = 2.000000e-08, cfl = 2.1235e-01. Computation time: 1.2123e+03 s.
Step 6758: t = 1.351300e-04, dt = 2.000000e-08, cfl = 2.1220e-01. Computation time: 1.2124e+03 s.
